d:\githubrepo\university\3 year\ssvt\src\ssvt_2\ssvt_2_2\ssvt_2_2\x64\debug\vc143.pdb
d:\githubrepo\university\3 year\ssvt\src\ssvt_2\ssvt_2_2\ssvt_2_2\x64\debug\vc143.idb
d:\githubrepo\university\3 year\ssvt\src\ssvt_2\ssvt_2_2\ssvt_2_2\x64\debug\ssvt_2_2.obj
d:\githubrepo\university\3 year\ssvt\src\ssvt_2\ssvt_2_2\ssvt_2_2\x64\debug\ssvt_2_2.ilk
d:\githubrepo\university\3 year\ssvt\src\ssvt_2\ssvt_2_2\x64\debug\ssvt_2_2.pdb
d:\githubrepo\university\3 year\ssvt\src\ssvt_2\ssvt_2_2\ssvt_2_2\x64\debug\ssvt_2_2.tlog\cl.command.1.tlog
d:\githubrepo\university\3 year\ssvt\src\ssvt_2\ssvt_2_2\ssvt_2_2\x64\debug\ssvt_2_2.tlog\cl.items.tlog
d:\githubrepo\university\3 year\ssvt\src\ssvt_2\ssvt_2_2\ssvt_2_2\x64\debug\ssvt_2_2.tlog\cl.read.1.tlog
d:\githubrepo\university\3 year\ssvt\src\ssvt_2\ssvt_2_2\ssvt_2_2\x64\debug\ssvt_2_2.tlog\cl.write.1.tlog
d:\githubrepo\university\3 year\ssvt\src\ssvt_2\ssvt_2_2\ssvt_2_2\x64\debug\ssvt_2_2.tlog\link-cvtres.read.1.tlog
d:\githubrepo\university\3 year\ssvt\src\ssvt_2\ssvt_2_2\ssvt_2_2\x64\debug\ssvt_2_2.tlog\link-cvtres.write.1.tlog
d:\githubrepo\university\3 year\ssvt\src\ssvt_2\ssvt_2_2\ssvt_2_2\x64\debug\ssvt_2_2.tlog\link-rc.read.1.tlog
d:\githubrepo\university\3 year\ssvt\src\ssvt_2\ssvt_2_2\ssvt_2_2\x64\debug\ssvt_2_2.tlog\link-rc.write.1.tlog
d:\githubrepo\university\3 year\ssvt\src\ssvt_2\ssvt_2_2\ssvt_2_2\x64\debug\ssvt_2_2.tlog\link.command.1.tlog
d:\githubrepo\university\3 year\ssvt\src\ssvt_2\ssvt_2_2\ssvt_2_2\x64\debug\ssvt_2_2.tlog\link.read.1.tlog
d:\githubrepo\university\3 year\ssvt\src\ssvt_2\ssvt_2_2\ssvt_2_2\x64\debug\ssvt_2_2.tlog\link.read.2.tlog
d:\githubrepo\university\3 year\ssvt\src\ssvt_2\ssvt_2_2\ssvt_2_2\x64\debug\ssvt_2_2.tlog\link.read.3.tlog
d:\githubrepo\university\3 year\ssvt\src\ssvt_2\ssvt_2_2\ssvt_2_2\x64\debug\ssvt_2_2.tlog\link.read.4.tlog
d:\githubrepo\university\3 year\ssvt\src\ssvt_2\ssvt_2_2\ssvt_2_2\x64\debug\ssvt_2_2.tlog\link.secondary.1.tlog
d:\githubrepo\university\3 year\ssvt\src\ssvt_2\ssvt_2_2\ssvt_2_2\x64\debug\ssvt_2_2.tlog\link.write.1.tlog
